\BOOKMARK [1][-]{section.1}{\376\377\000R\000e\000s\000e\000a\000r\000c\000h\000\040\000i\000n\000t\000e\000r\000e\000s\000t\000s}{}% 1
\BOOKMARK [1][-]{section.2}{\376\377\000P\000o\000s\000i\000t\000i\000o\000n\000s}{}% 2
\BOOKMARK [1][-]{section.3}{\376\377\000E\000d\000u\000c\000a\000t\000i\000o\000n}{}% 3
\BOOKMARK [1][-]{section.4}{\376\377\000F\000u\000n\000d\000i\000n\000g}{}% 4
\BOOKMARK [1][-]{section.5}{\376\377\000P\000u\000b\000l\000i\000c\000a\000t\000i\000o\000n\000s}{}% 5
\BOOKMARK [1][-]{section.6}{\376\377\000I\000n\000v\000i\000t\000e\000d\000\040\000T\000a\000l\000k\000s}{}% 6
\BOOKMARK [2][-]{subsection.6.1}{\376\377\000C\000o\000n\000f\000e\000r\000e\000n\000c\000e\000\040\000P\000r\000e\000s\000e\000n\000t\000a\000t\000i\000o\000n\000s}{section.6}% 7
\BOOKMARK [2][-]{subsection.6.2}{\376\377\000M\000e\000n\000t\000o\000r\000s\000h\000i\000p}{section.6}% 8
\BOOKMARK [3][-]{subsubsection.6.2.1}{\376\377\000P\000o\000s\000t\000d\000o\000c\000t\000o\000r\000a\000l\000\040\000A\000s\000s\000o\000c\000i\000a\000t\000e\000s}{subsection.6.2}% 9
\BOOKMARK [3][-]{subsubsection.6.2.2}{\376\377\000D\000o\000c\000t\000o\000r\000a\000l\000\040\000S\000t\000u\000d\000e\000n\000t\000s}{subsection.6.2}% 10
\BOOKMARK [3][-]{subsubsection.6.2.3}{\376\377\000M\000a\000s\000t\000e\000r\000'\000s\000\040\000S\000t\000u\000d\000e\000n\000t\000s}{subsection.6.2}% 11
\BOOKMARK [3][-]{subsubsection.6.2.4}{\376\377\000U\000n\000d\000e\000r\000g\000r\000a\000d\000u\000a\000t\000e\000\040\000S\000t\000u\000d\000e\000n\000t\000s}{subsection.6.2}% 12
\BOOKMARK [3][-]{subsubsection.6.2.5}{\376\377\000D\000i\000s\000s\000e\000r\000t\000a\000t\000i\000o\000n\000\040\000c\000o\000m\000m\000i\000t\000t\000e\000e\000s}{subsection.6.2}% 13
\BOOKMARK [2][-]{subsection.6.3}{\376\377\000T\000e\000a\000c\000h\000i\000n\000g}{section.6}% 14
\BOOKMARK [3][-]{subsubsection.6.3.1}{\376\377\000U\000n\000d\000e\000r\000g\000r\000a\000d\000u\000a\000t\000e\000\040\000C\000o\000u\000r\000s\000e\000s}{subsection.6.3}% 15
\BOOKMARK [3][-]{subsubsection.6.3.2}{\376\377\000M\000a\000s\000t\000e\000r\000'\000s\000\040\000C\000o\000u\000r\000s\000e\000s}{subsection.6.3}% 16
\BOOKMARK [3][-]{subsubsection.6.3.3}{\376\377\000D\000o\000c\000t\000o\000r\000a\000l\000\040\000C\000o\000u\000r\000s\000e\000s}{subsection.6.3}% 17
\BOOKMARK [2][-]{subsection.6.4}{\376\377\000S\000e\000r\000v\000i\000c\000e}{section.6}% 18
\BOOKMARK [3][-]{subsubsection.6.4.1}{\376\377\000C\000o\000l\000l\000e\000g\000e}{subsection.6.4}% 19
\BOOKMARK [3][-]{subsubsection.6.4.2}{\376\377\000D\000e\000p\000a\000r\000t\000m\000e\000n\000t}{subsection.6.4}% 20
\BOOKMARK [3][-]{subsubsection.6.4.3}{\376\377\000D\000o\000c\000t\000o\000r\000a\000l\000\040\000P\000r\000o\000g\000r\000a\000m}{subsection.6.4}% 21
\BOOKMARK [3][-]{subsubsection.6.4.4}{\376\377\000P\000r\000o\000f\000e\000s\000s\000i\000o\000n\000a\000l}{subsection.6.4}% 22
\BOOKMARK [3][-]{subsubsection.6.4.5}{\376\377\000R\000e\000v\000i\000e\000w\000i\000n\000g}{subsection.6.4}% 23
